Archive member included to satisfy reference by file (symbol)

/usr/local/Cellar/avr-gcc/8.2.0/lib/avr-gcc/8/gcc/avr/8.2.0/avr25/libgcc.a(_divmodhi4.o)
                              main.o (__divmodhi4)
/usr/local/Cellar/avr-gcc/8.2.0/lib/avr-gcc/8/gcc/avr/8.2.0/avr25/libgcc.a(_exit.o)
                              /usr/local/Cellar/avr-gcc/8.2.0/lib/avr-gcc/8/gcc/avr/8.2.0/../../../../../../avr/lib/avr25/crtattiny85.o (exit)
/usr/local/Cellar/avr-gcc/8.2.0/lib/avr-gcc/8/gcc/avr/8.2.0/avr25/libgcc.a(_copy_data.o)
                              main.o (__do_copy_data)
/usr/local/Cellar/avr-gcc/8.2.0/lib/avr-gcc/8/gcc/avr/8.2.0/avr25/libgcc.a(_clear_bss.o)
                              main.o (__do_clear_bss)
/usr/local/Cellar/avr-gcc/8.2.0/lib/avr-gcc/8/gcc/avr/8.2.0/avr25/libgcc.a(_udivmodhi4.o)
                              /usr/local/Cellar/avr-gcc/8.2.0/lib/avr-gcc/8/gcc/avr/8.2.0/avr25/libgcc.a(_divmodhi4.o) (__udivmodhi4)
/usr/local/Cellar/avr-gcc/8.2.0/lib/avr-gcc/8/gcc/avr/8.2.0/../../../../../../avr/lib/avr25/libm.a(addsf3.o)
                              main.o (__subsf3)
/usr/local/Cellar/avr-gcc/8.2.0/lib/avr-gcc/8/gcc/avr/8.2.0/../../../../../../avr/lib/avr25/libm.a(addsf3x.o)
                              /usr/local/Cellar/avr-gcc/8.2.0/lib/avr-gcc/8/gcc/avr/8.2.0/../../../../../../avr/lib/avr25/libm.a(addsf3.o) (__addsf3x)
/usr/local/Cellar/avr-gcc/8.2.0/lib/avr-gcc/8/gcc/avr/8.2.0/../../../../../../avr/lib/avr25/libm.a(divsf3.o)
                              main.o (__divsf3)
/usr/local/Cellar/avr-gcc/8.2.0/lib/avr-gcc/8/gcc/avr/8.2.0/../../../../../../avr/lib/avr25/libm.a(divsf3x.o)
                              /usr/local/Cellar/avr-gcc/8.2.0/lib/avr-gcc/8/gcc/avr/8.2.0/../../../../../../avr/lib/avr25/libm.a(divsf3.o) (__divsf3x)
/usr/local/Cellar/avr-gcc/8.2.0/lib/avr-gcc/8/gcc/avr/8.2.0/../../../../../../avr/lib/avr25/libm.a(fixsfsi.o)
                              main.o (__fixsfsi)
/usr/local/Cellar/avr-gcc/8.2.0/lib/avr-gcc/8/gcc/avr/8.2.0/../../../../../../avr/lib/avr25/libm.a(fixunssfsi.o)
                              /usr/local/Cellar/avr-gcc/8.2.0/lib/avr-gcc/8/gcc/avr/8.2.0/../../../../../../avr/lib/avr25/libm.a(fixsfsi.o) (__fixunssfsi)
/usr/local/Cellar/avr-gcc/8.2.0/lib/avr-gcc/8/gcc/avr/8.2.0/../../../../../../avr/lib/avr25/libm.a(floatsisf.o)
                              main.o (__floatunsisf)
/usr/local/Cellar/avr-gcc/8.2.0/lib/avr-gcc/8/gcc/avr/8.2.0/../../../../../../avr/lib/avr25/libm.a(fp_inf.o)
                              /usr/local/Cellar/avr-gcc/8.2.0/lib/avr-gcc/8/gcc/avr/8.2.0/../../../../../../avr/lib/avr25/libm.a(addsf3x.o) (__fp_inf)
/usr/local/Cellar/avr-gcc/8.2.0/lib/avr-gcc/8/gcc/avr/8.2.0/../../../../../../avr/lib/avr25/libm.a(fp_nan.o)
                              /usr/local/Cellar/avr-gcc/8.2.0/lib/avr-gcc/8/gcc/avr/8.2.0/../../../../../../avr/lib/avr25/libm.a(addsf3x.o) (__fp_nan)
/usr/local/Cellar/avr-gcc/8.2.0/lib/avr-gcc/8/gcc/avr/8.2.0/../../../../../../avr/lib/avr25/libm.a(fp_pscA.o)
                              /usr/local/Cellar/avr-gcc/8.2.0/lib/avr-gcc/8/gcc/avr/8.2.0/../../../../../../avr/lib/avr25/libm.a(addsf3x.o) (__fp_pscA)
/usr/local/Cellar/avr-gcc/8.2.0/lib/avr-gcc/8/gcc/avr/8.2.0/../../../../../../avr/lib/avr25/libm.a(fp_pscB.o)
                              /usr/local/Cellar/avr-gcc/8.2.0/lib/avr-gcc/8/gcc/avr/8.2.0/../../../../../../avr/lib/avr25/libm.a(addsf3x.o) (__fp_pscB)
/usr/local/Cellar/avr-gcc/8.2.0/lib/avr-gcc/8/gcc/avr/8.2.0/../../../../../../avr/lib/avr25/libm.a(fp_round.o)
                              /usr/local/Cellar/avr-gcc/8.2.0/lib/avr-gcc/8/gcc/avr/8.2.0/../../../../../../avr/lib/avr25/libm.a(addsf3.o) (__fp_round)
/usr/local/Cellar/avr-gcc/8.2.0/lib/avr-gcc/8/gcc/avr/8.2.0/../../../../../../avr/lib/avr25/libm.a(fp_split3.o)
                              /usr/local/Cellar/avr-gcc/8.2.0/lib/avr-gcc/8/gcc/avr/8.2.0/../../../../../../avr/lib/avr25/libm.a(addsf3x.o) (__fp_split3)
/usr/local/Cellar/avr-gcc/8.2.0/lib/avr-gcc/8/gcc/avr/8.2.0/../../../../../../avr/lib/avr25/libm.a(fp_zero.o)
                              /usr/local/Cellar/avr-gcc/8.2.0/lib/avr-gcc/8/gcc/avr/8.2.0/../../../../../../avr/lib/avr25/libm.a(addsf3x.o) (__fp_zero)
/usr/local/Cellar/avr-gcc/8.2.0/lib/avr-gcc/8/gcc/avr/8.2.0/../../../../../../avr/lib/avr25/libm.a(mulsf3.o)
                              main.o (__mulsf3)
/usr/local/Cellar/avr-gcc/8.2.0/lib/avr-gcc/8/gcc/avr/8.2.0/../../../../../../avr/lib/avr25/libm.a(mulsf3x.o)
                              /usr/local/Cellar/avr-gcc/8.2.0/lib/avr-gcc/8/gcc/avr/8.2.0/../../../../../../avr/lib/avr25/libm.a(mulsf3.o) (__mulsf3x)
/usr/local/Cellar/avr-gcc/8.2.0/lib/avr-gcc/8/gcc/avr/8.2.0/../../../../../../avr/lib/avr25/libc.a(dtostrf.o)
                              main.o (dtostrf)
/usr/local/Cellar/avr-gcc/8.2.0/lib/avr-gcc/8/gcc/avr/8.2.0/../../../../../../avr/lib/avr25/libc.a(itoa.o)
                              main.o (itoa)
/usr/local/Cellar/avr-gcc/8.2.0/lib/avr-gcc/8/gcc/avr/8.2.0/../../../../../../avr/lib/avr25/libc.a(itoa_ncheck.o)
                              /usr/local/Cellar/avr-gcc/8.2.0/lib/avr-gcc/8/gcc/avr/8.2.0/../../../../../../avr/lib/avr25/libc.a(itoa.o) (__itoa_ncheck)
/usr/local/Cellar/avr-gcc/8.2.0/lib/avr-gcc/8/gcc/avr/8.2.0/../../../../../../avr/lib/avr25/libc.a(utoa_ncheck.o)
                              /usr/local/Cellar/avr-gcc/8.2.0/lib/avr-gcc/8/gcc/avr/8.2.0/../../../../../../avr/lib/avr25/libc.a(itoa_ncheck.o) (__utoa_common)
/usr/local/Cellar/avr-gcc/8.2.0/lib/avr-gcc/8/gcc/avr/8.2.0/../../../../../../avr/lib/avr25/libc.a(dtoa_prf.o)
                              /usr/local/Cellar/avr-gcc/8.2.0/lib/avr-gcc/8/gcc/avr/8.2.0/../../../../../../avr/lib/avr25/libc.a(dtostrf.o) (dtoa_prf)
/usr/local/Cellar/avr-gcc/8.2.0/lib/avr-gcc/8/gcc/avr/8.2.0/../../../../../../avr/lib/avr25/libc.a(ftoa_engine.o)
                              /usr/local/Cellar/avr-gcc/8.2.0/lib/avr-gcc/8/gcc/avr/8.2.0/../../../../../../avr/lib/avr25/libc.a(dtoa_prf.o) (__ftoa_engine)
/usr/local/Cellar/avr-gcc/8.2.0/lib/avr-gcc/8/gcc/avr/8.2.0/../../../../../../avr/lib/avr25/libc.a(strrev.o)
                              /usr/local/Cellar/avr-gcc/8.2.0/lib/avr-gcc/8/gcc/avr/8.2.0/../../../../../../avr/lib/avr25/libc.a(utoa_ncheck.o) (strrev)
/usr/local/Cellar/avr-gcc/8.2.0/lib/avr-gcc/8/gcc/avr/8.2.0/avr25/libgcc.a(_prologue.o)
                              /usr/local/Cellar/avr-gcc/8.2.0/lib/avr-gcc/8/gcc/avr/8.2.0/../../../../../../avr/lib/avr25/libc.a(dtoa_prf.o) (__prologue_saves__)
/usr/local/Cellar/avr-gcc/8.2.0/lib/avr-gcc/8/gcc/avr/8.2.0/avr25/libgcc.a(_epilogue.o)
                              /usr/local/Cellar/avr-gcc/8.2.0/lib/avr-gcc/8/gcc/avr/8.2.0/../../../../../../avr/lib/avr25/libc.a(dtoa_prf.o) (__epilogue_restores__)

Allocating common symbols
Common symbol       size              file

ssd1306_numdec_buffer
                    0x6               ssd1306xledtx.o
ssd1306tx_font_char_base
                    0x1               ssd1306xledtx.o
ssd1306tx_font_src  0x2               ssd1306xledtx.o

Memory Configuration

Name             Origin             Length             Attributes
text             0x0000000000000000 0x0000000000002000 xr
data             0x0000000000800060 0x000000000000ffa0 rw !x
eeprom           0x0000000000810000 0x0000000000010000 rw !x
fuse             0x0000000000820000 0x0000000000000400 rw !x
lock             0x0000000000830000 0x0000000000000400 rw !x
signature        0x0000000000840000 0x0000000000000400 rw !x
user_signatures  0x0000000000850000 0x0000000000000400 rw !x
*default*        0x0000000000000000 0xffffffffffffffff

Linker script and memory map

LOAD /usr/local/Cellar/avr-gcc/8.2.0/lib/avr-gcc/8/gcc/avr/8.2.0/../../../../../../avr/lib/avr25/crtattiny85.o
LOAD /usr/local/Cellar/avr-gcc/8.2.0/lib/avr-gcc/8/gcc/avr/8.2.0/../../../../../../avr/lib/avr25/libm.a
LOAD main.o
LOAD ssd1306xled.o
LOAD ssd1306xledtx.o
LOAD num2str.o
START GROUP
LOAD /usr/local/Cellar/avr-gcc/8.2.0/lib/avr-gcc/8/gcc/avr/8.2.0/avr25/libgcc.a
LOAD /usr/local/Cellar/avr-gcc/8.2.0/lib/avr-gcc/8/gcc/avr/8.2.0/../../../../../../avr/lib/avr25/libm.a
LOAD /usr/local/Cellar/avr-gcc/8.2.0/lib/avr-gcc/8/gcc/avr/8.2.0/../../../../../../avr/lib/avr25/libc.a
LOAD /usr/local/Cellar/avr-gcc/8.2.0/lib/avr-gcc/8/gcc/avr/8.2.0/../../../../../../avr/lib/avr25/libattiny85.a
END GROUP
                0x0000000000002000                __TEXT_REGION_LENGTH__ = DEFINED (__TEXT_REGION_LENGTH__)?__TEXT_REGION_LENGTH__:0x2000
                0x000000000000ffa0                __DATA_REGION_LENGTH__ = DEFINED (__DATA_REGION_LENGTH__)?__DATA_REGION_LENGTH__:0xffa0
                0x0000000000010000                __EEPROM_REGION_LENGTH__ = DEFINED (__EEPROM_REGION_LENGTH__)?__EEPROM_REGION_LENGTH__:0x10000
                0x0000000000000400                __FUSE_REGION_LENGTH__ = DEFINED (__FUSE_REGION_LENGTH__)?__FUSE_REGION_LENGTH__:0x400
                0x0000000000000400                __LOCK_REGION_LENGTH__ = DEFINED (__LOCK_REGION_LENGTH__)?__LOCK_REGION_LENGTH__:0x400
                0x0000000000000400                __SIGNATURE_REGION_LENGTH__ = DEFINED (__SIGNATURE_REGION_LENGTH__)?__SIGNATURE_REGION_LENGTH__:0x400
                0x0000000000000400                __USER_SIGNATURE_REGION_LENGTH__ = DEFINED (__USER_SIGNATURE_REGION_LENGTH__)?__USER_SIGNATURE_REGION_LENGTH__:0x400

.hash
 *(.hash)

.dynsym
 *(.dynsym)

.dynstr
 *(.dynstr)

.gnu.version
 *(.gnu.version)

.gnu.version_d
 *(.gnu.version_d)

.gnu.version_r
 *(.gnu.version_r)

.rel.init
 *(.rel.init)

.rela.init
 *(.rela.init)

.rel.text
 *(.rel.text)
 *(.rel.text.*)
 *(.rel.gnu.linkonce.t*)

.rela.text
 *(.rela.text)
 *(.rela.text.*)
 *(.rela.gnu.linkonce.t*)

.rel.fini
 *(.rel.fini)

.rela.fini
 *(.rela.fini)

.rel.rodata
 *(.rel.rodata)
 *(.rel.rodata.*)
 *(.rel.gnu.linkonce.r*)

.rela.rodata
 *(.rela.rodata)
 *(.rela.rodata.*)
 *(.rela.gnu.linkonce.r*)

.rel.data
 *(.rel.data)
 *(.rel.data.*)
 *(.rel.gnu.linkonce.d*)

.rela.data
 *(.rela.data)
 *(.rela.data.*)
 *(.rela.gnu.linkonce.d*)

.rel.ctors
 *(.rel.ctors)

.rela.ctors
 *(.rela.ctors)

.rel.dtors
 *(.rel.dtors)

.rela.dtors
 *(.rela.dtors)

.rel.got
 *(.rel.got)

.rela.got
 *(.rela.got)

.rel.bss
 *(.rel.bss)

.rela.bss
 *(.rela.bss)

.rel.plt
 *(.rel.plt)

.rela.plt
 *(.rela.plt)

.text           0x0000000000000000     0x183a
 *(.vectors)
 .vectors       0x0000000000000000       0x1e /usr/local/Cellar/avr-gcc/8.2.0/lib/avr-gcc/8/gcc/avr/8.2.0/../../../../../../avr/lib/avr25/crtattiny85.o
                0x0000000000000000                __vectors
                0x0000000000000000                __vector_default
 *(.vectors)
 *(.progmem.gcc*)
                0x000000000000001e                . = ALIGN (0x2)
                0x000000000000001e                __trampolines_start = .
 *(.trampolines)
 .trampolines   0x000000000000001e        0x0 linker stubs
 *(.trampolines*)
                0x000000000000001e                __trampolines_end = .
 *libprintf_flt.a:*(.progmem.data)
 *libc.a:*(.progmem.data)
 .progmem.data  0x000000000000001e       0xfa /usr/local/Cellar/avr-gcc/8.2.0/lib/avr-gcc/8/gcc/avr/8.2.0/../../../../../../avr/lib/avr25/libc.a(ftoa_engine.o)
 *(.progmem.*)
 .progmem.data  0x0000000000000118      0x818 main.o
                0x0000000000000118                ssd1306xled_font8x16data
                0x0000000000000708                ssd1306xled_font6x8data
 .progmem.data  0x0000000000000930       0x20 ssd1306xled.o
                0x0000000000000930                ssd1306_init_sequence
                0x0000000000000950                . = ALIGN (0x2)
 *(.lowtext)
 *(.lowtext*)
                0x0000000000000950                __ctors_start = .
 *(.ctors)
                0x0000000000000950                __ctors_end = .
                0x0000000000000950                __dtors_start = .
 *(.dtors)
                0x0000000000000950                __dtors_end = .
 SORT_BY_NAME(*)(.ctors)
 SORT_BY_NAME(*)(.dtors)
 *(.init0)
 .init0         0x0000000000000950        0x0 /usr/local/Cellar/avr-gcc/8.2.0/lib/avr-gcc/8/gcc/avr/8.2.0/../../../../../../avr/lib/avr25/crtattiny85.o
                0x0000000000000950                __init
 *(.init0)
 *(.init1)
 *(.init1)
 *(.init2)
 .init2         0x0000000000000950        0xc /usr/local/Cellar/avr-gcc/8.2.0/lib/avr-gcc/8/gcc/avr/8.2.0/../../../../../../avr/lib/avr25/crtattiny85.o
 *(.init2)
 *(.init3)
 *(.init3)
 *(.init4)
 .init4         0x000000000000095c       0x16 /usr/local/Cellar/avr-gcc/8.2.0/lib/avr-gcc/8/gcc/avr/8.2.0/avr25/libgcc.a(_copy_data.o)
                0x000000000000095c                __do_copy_data
 .init4         0x0000000000000972       0x10 /usr/local/Cellar/avr-gcc/8.2.0/lib/avr-gcc/8/gcc/avr/8.2.0/avr25/libgcc.a(_clear_bss.o)
                0x0000000000000972                __do_clear_bss
 *(.init4)
 *(.init5)
 *(.init5)
 *(.init6)
 *(.init6)
 *(.init7)
 *(.init7)
 *(.init8)
 *(.init8)
 *(.init9)
 .init9         0x0000000000000982        0x4 /usr/local/Cellar/avr-gcc/8.2.0/lib/avr-gcc/8/gcc/avr/8.2.0/../../../../../../avr/lib/avr25/crtattiny85.o
 *(.init9)
 *(.text)
 .text          0x0000000000000986        0x2 /usr/local/Cellar/avr-gcc/8.2.0/lib/avr-gcc/8/gcc/avr/8.2.0/../../../../../../avr/lib/avr25/crtattiny85.o
                0x0000000000000986                __vector_14
                0x0000000000000986                __vector_12
                0x0000000000000986                __bad_interrupt
                0x0000000000000986                __vector_6
                0x0000000000000986                __vector_3
                0x0000000000000986                __vector_11
                0x0000000000000986                __vector_13
                0x0000000000000986                __vector_7
                0x0000000000000986                __vector_5
                0x0000000000000986                __vector_4
                0x0000000000000986                __vector_9
                0x0000000000000986                __vector_2
                0x0000000000000986                __vector_8
                0x0000000000000986                __vector_1
 .text          0x0000000000000988       0xd8 main.o
                0x0000000000000988                hardware_init
                0x00000000000009b2                timer1_init
                0x00000000000009c8                read_ADC
                0x00000000000009e2                read_VCC
                0x0000000000000a14                __vector_10
 .text          0x0000000000000a60       0xee ssd1306xled.o
                0x0000000000000a60                i2csw_start
                0x0000000000000a6e                i2csw_stop
                0x0000000000000a7a                i2csw_byte
                0x0000000000000aac                ssd1306_start_command
                0x0000000000000ab6                ssd1306_start_data
                0x0000000000000ac0                ssd1306_data_byte
                0x0000000000000ac2                ssd1306_stop
                0x0000000000000ac4                ssd1306_init
                0x0000000000000ae4                ssd1306_setpos
                0x0000000000000b0c                ssd1306_fill4
 .text          0x0000000000000b4e      0x13a ssd1306xledtx.o
                0x0000000000000b4e                ssd1306tx_init
                0x0000000000000b5c                ssd1306tx_char
                0x0000000000000ba8                ssd1306tx_string
                0x0000000000000bbe                ssd1306tx_numdec
                0x0000000000000bd0                ssd1306tx_numdecp
                0x0000000000000be0                ssd1306tx_stringxy
 .text          0x0000000000000c88       0xd8 num2str.o
                0x0000000000000c88                usint2decascii
                0x0000000000000cfc                usint2hexascii
                0x0000000000000d2c                usint2binascii
 .text          0x0000000000000d60        0x0 /usr/local/Cellar/avr-gcc/8.2.0/lib/avr-gcc/8/gcc/avr/8.2.0/avr25/libgcc.a(_divmodhi4.o)
 .text          0x0000000000000d60        0x0 /usr/local/Cellar/avr-gcc/8.2.0/lib/avr-gcc/8/gcc/avr/8.2.0/avr25/libgcc.a(_exit.o)
 .text          0x0000000000000d60        0x0 /usr/local/Cellar/avr-gcc/8.2.0/lib/avr-gcc/8/gcc/avr/8.2.0/avr25/libgcc.a(_copy_data.o)
 .text          0x0000000000000d60        0x0 /usr/local/Cellar/avr-gcc/8.2.0/lib/avr-gcc/8/gcc/avr/8.2.0/avr25/libgcc.a(_clear_bss.o)
 .text          0x0000000000000d60        0x0 /usr/local/Cellar/avr-gcc/8.2.0/lib/avr-gcc/8/gcc/avr/8.2.0/avr25/libgcc.a(_udivmodhi4.o)
 .text          0x0000000000000d60        0x0 /usr/local/Cellar/avr-gcc/8.2.0/lib/avr-gcc/8/gcc/avr/8.2.0/../../../../../../avr/lib/avr25/libm.a(addsf3.o)
 .text          0x0000000000000d60        0x0 /usr/local/Cellar/avr-gcc/8.2.0/lib/avr-gcc/8/gcc/avr/8.2.0/../../../../../../avr/lib/avr25/libm.a(addsf3x.o)
 .text          0x0000000000000d60        0x0 /usr/local/Cellar/avr-gcc/8.2.0/lib/avr-gcc/8/gcc/avr/8.2.0/../../../../../../avr/lib/avr25/libm.a(divsf3.o)
 .text          0x0000000000000d60        0x0 /usr/local/Cellar/avr-gcc/8.2.0/lib/avr-gcc/8/gcc/avr/8.2.0/../../../../../../avr/lib/avr25/libm.a(divsf3x.o)
 .text          0x0000000000000d60        0x0 /usr/local/Cellar/avr-gcc/8.2.0/lib/avr-gcc/8/gcc/avr/8.2.0/../../../../../../avr/lib/avr25/libm.a(fixsfsi.o)
 .text          0x0000000000000d60        0x0 /usr/local/Cellar/avr-gcc/8.2.0/lib/avr-gcc/8/gcc/avr/8.2.0/../../../../../../avr/lib/avr25/libm.a(fixunssfsi.o)
 .text          0x0000000000000d60        0x0 /usr/local/Cellar/avr-gcc/8.2.0/lib/avr-gcc/8/gcc/avr/8.2.0/../../../../../../avr/lib/avr25/libm.a(floatsisf.o)
 .text          0x0000000000000d60        0x0 /usr/local/Cellar/avr-gcc/8.2.0/lib/avr-gcc/8/gcc/avr/8.2.0/../../../../../../avr/lib/avr25/libm.a(fp_inf.o)
 .text          0x0000000000000d60        0x0 /usr/local/Cellar/avr-gcc/8.2.0/lib/avr-gcc/8/gcc/avr/8.2.0/../../../../../../avr/lib/avr25/libm.a(fp_nan.o)
 .text          0x0000000000000d60        0x0 /usr/local/Cellar/avr-gcc/8.2.0/lib/avr-gcc/8/gcc/avr/8.2.0/../../../../../../avr/lib/avr25/libm.a(fp_pscA.o)
 .text          0x0000000000000d60        0x0 /usr/local/Cellar/avr-gcc/8.2.0/lib/avr-gcc/8/gcc/avr/8.2.0/../../../../../../avr/lib/avr25/libm.a(fp_pscB.o)
 .text          0x0000000000000d60        0x0 /usr/local/Cellar/avr-gcc/8.2.0/lib/avr-gcc/8/gcc/avr/8.2.0/../../../../../../avr/lib/avr25/libm.a(fp_round.o)
 .text          0x0000000000000d60        0x0 /usr/local/Cellar/avr-gcc/8.2.0/lib/avr-gcc/8/gcc/avr/8.2.0/../../../../../../avr/lib/avr25/libm.a(fp_split3.o)
 .text          0x0000000000000d60        0x0 /usr/local/Cellar/avr-gcc/8.2.0/lib/avr-gcc/8/gcc/avr/8.2.0/../../../../../../avr/lib/avr25/libm.a(fp_zero.o)
 .text          0x0000000000000d60        0x0 /usr/local/Cellar/avr-gcc/8.2.0/lib/avr-gcc/8/gcc/avr/8.2.0/../../../../../../avr/lib/avr25/libm.a(mulsf3.o)
 .text          0x0000000000000d60        0x0 /usr/local/Cellar/avr-gcc/8.2.0/lib/avr-gcc/8/gcc/avr/8.2.0/../../../../../../avr/lib/avr25/libm.a(mulsf3x.o)
 .text          0x0000000000000d60        0x0 /usr/local/Cellar/avr-gcc/8.2.0/lib/avr-gcc/8/gcc/avr/8.2.0/../../../../../../avr/lib/avr25/libc.a(dtostrf.o)
 .text          0x0000000000000d60        0x0 /usr/local/Cellar/avr-gcc/8.2.0/lib/avr-gcc/8/gcc/avr/8.2.0/../../../../../../avr/lib/avr25/libc.a(itoa.o)
 .text          0x0000000000000d60        0x0 /usr/local/Cellar/avr-gcc/8.2.0/lib/avr-gcc/8/gcc/avr/8.2.0/../../../../../../avr/lib/avr25/libc.a(itoa_ncheck.o)
 .text          0x0000000000000d60        0x0 /usr/local/Cellar/avr-gcc/8.2.0/lib/avr-gcc/8/gcc/avr/8.2.0/../../../../../../avr/lib/avr25/libc.a(utoa_ncheck.o)
 .text          0x0000000000000d60        0x0 /usr/local/Cellar/avr-gcc/8.2.0/lib/avr-gcc/8/gcc/avr/8.2.0/../../../../../../avr/lib/avr25/libc.a(dtoa_prf.o)
 .text          0x0000000000000d60        0x0 /usr/local/Cellar/avr-gcc/8.2.0/lib/avr-gcc/8/gcc/avr/8.2.0/../../../../../../avr/lib/avr25/libc.a(ftoa_engine.o)
 .text          0x0000000000000d60        0x0 /usr/local/Cellar/avr-gcc/8.2.0/lib/avr-gcc/8/gcc/avr/8.2.0/../../../../../../avr/lib/avr25/libc.a(strrev.o)
 .text          0x0000000000000d60        0x0 /usr/local/Cellar/avr-gcc/8.2.0/lib/avr-gcc/8/gcc/avr/8.2.0/avr25/libgcc.a(_prologue.o)
 .text          0x0000000000000d60        0x0 /usr/local/Cellar/avr-gcc/8.2.0/lib/avr-gcc/8/gcc/avr/8.2.0/avr25/libgcc.a(_epilogue.o)
                0x0000000000000d60                . = ALIGN (0x2)
 *(.text.*)
 .text.startup  0x0000000000000d60      0x10a main.o
                0x0000000000000d60                main
 .text.libgcc.mul
                0x0000000000000e6a        0x0 /usr/local/Cellar/avr-gcc/8.2.0/lib/avr-gcc/8/gcc/avr/8.2.0/avr25/libgcc.a(_divmodhi4.o)
 .text.libgcc.div
                0x0000000000000e6a       0x26 /usr/local/Cellar/avr-gcc/8.2.0/lib/avr-gcc/8/gcc/avr/8.2.0/avr25/libgcc.a(_divmodhi4.o)
                0x0000000000000e6a                __divmodhi4
                0x0000000000000e6a                _div
 .text.libgcc   0x0000000000000e90        0x0 /usr/local/Cellar/avr-gcc/8.2.0/lib/avr-gcc/8/gcc/avr/8.2.0/avr25/libgcc.a(_divmodhi4.o)
 .text.libgcc.prologue
                0x0000000000000e90        0x0 /usr/local/Cellar/avr-gcc/8.2.0/lib/avr-gcc/8/gcc/avr/8.2.0/avr25/libgcc.a(_divmodhi4.o)
 .text.libgcc.builtins
                0x0000000000000e90        0x0 /usr/local/Cellar/avr-gcc/8.2.0/lib/avr-gcc/8/gcc/avr/8.2.0/avr25/libgcc.a(_divmodhi4.o)
 .text.libgcc.fmul
                0x0000000000000e90        0x0 /usr/local/Cellar/avr-gcc/8.2.0/lib/avr-gcc/8/gcc/avr/8.2.0/avr25/libgcc.a(_divmodhi4.o)
 .text.libgcc.fixed
                0x0000000000000e90        0x0 /usr/local/Cellar/avr-gcc/8.2.0/lib/avr-gcc/8/gcc/avr/8.2.0/avr25/libgcc.a(_divmodhi4.o)
 .text.libgcc.mul
                0x0000000000000e90        0x0 /usr/local/Cellar/avr-gcc/8.2.0/lib/avr-gcc/8/gcc/avr/8.2.0/avr25/libgcc.a(_exit.o)
 .text.libgcc.div
                0x0000000000000e90        0x0 /usr/local/Cellar/avr-gcc/8.2.0/lib/avr-gcc/8/gcc/avr/8.2.0/avr25/libgcc.a(_exit.o)
 .text.libgcc   0x0000000000000e90        0x0 /usr/local/Cellar/avr-gcc/8.2.0/lib/avr-gcc/8/gcc/avr/8.2.0/avr25/libgcc.a(_exit.o)
 .text.libgcc.prologue
                0x0000000000000e90        0x0 /usr/local/Cellar/avr-gcc/8.2.0/lib/avr-gcc/8/gcc/avr/8.2.0/avr25/libgcc.a(_exit.o)
 .text.libgcc.builtins
                0x0000000000000e90        0x0 /usr/local/Cellar/avr-gcc/8.2.0/lib/avr-gcc/8/gcc/avr/8.2.0/avr25/libgcc.a(_exit.o)
 .text.libgcc.fmul
                0x0000000000000e90        0x0 /usr/local/Cellar/avr-gcc/8.2.0/lib/avr-gcc/8/gcc/avr/8.2.0/avr25/libgcc.a(_exit.o)
 .text.libgcc.fixed
                0x0000000000000e90        0x0 /usr/local/Cellar/avr-gcc/8.2.0/lib/avr-gcc/8/gcc/avr/8.2.0/avr25/libgcc.a(_exit.o)
 .text.libgcc.mul
                0x0000000000000e90        0x0 /usr/local/Cellar/avr-gcc/8.2.0/lib/avr-gcc/8/gcc/avr/8.2.0/avr25/libgcc.a(_copy_data.o)
 .text.libgcc.div
                0x0000000000000e90        0x0 /usr/local/Cellar/avr-gcc/8.2.0/lib/avr-gcc/8/gcc/avr/8.2.0/avr25/libgcc.a(_copy_data.o)
 .text.libgcc   0x0000000000000e90        0x0 /usr/local/Cellar/avr-gcc/8.2.0/lib/avr-gcc/8/gcc/avr/8.2.0/avr25/libgcc.a(_copy_data.o)
 .text.libgcc.prologue
                0x0000000000000e90        0x0 /usr/local/Cellar/avr-gcc/8.2.0/lib/avr-gcc/8/gcc/avr/8.2.0/avr25/libgcc.a(_copy_data.o)
 .text.libgcc.builtins
                0x0000000000000e90        0x0 /usr/local/Cellar/avr-gcc/8.2.0/lib/avr-gcc/8/gcc/avr/8.2.0/avr25/libgcc.a(_copy_data.o)
 .text.libgcc.fmul
                0x0000000000000e90        0x0 /usr/local/Cellar/avr-gcc/8.2.0/lib/avr-gcc/8/gcc/avr/8.2.0/avr25/libgcc.a(_copy_data.o)
 .text.libgcc.fixed
                0x0000000000000e90        0x0 /usr/local/Cellar/avr-gcc/8.2.0/lib/avr-gcc/8/gcc/avr/8.2.0/avr25/libgcc.a(_copy_data.o)
 .text.libgcc.mul
                0x0000000000000e90        0x0 /usr/local/Cellar/avr-gcc/8.2.0/lib/avr-gcc/8/gcc/avr/8.2.0/avr25/libgcc.a(_clear_bss.o)
 .text.libgcc.div
                0x0000000000000e90        0x0 /usr/local/Cellar/avr-gcc/8.2.0/lib/avr-gcc/8/gcc/avr/8.2.0/avr25/libgcc.a(_clear_bss.o)
 .text.libgcc   0x0000000000000e90        0x0 /usr/local/Cellar/avr-gcc/8.2.0/lib/avr-gcc/8/gcc/avr/8.2.0/avr25/libgcc.a(_clear_bss.o)
 .text.libgcc.prologue
                0x0000000000000e90        0x0 /usr/local/Cellar/avr-gcc/8.2.0/lib/avr-gcc/8/gcc/avr/8.2.0/avr25/libgcc.a(_clear_bss.o)
 .text.libgcc.builtins
                0x0000000000000e90        0x0 /usr/local/Cellar/avr-gcc/8.2.0/lib/avr-gcc/8/gcc/avr/8.2.0/avr25/libgcc.a(_clear_bss.o)
 .text.libgcc.fmul
                0x0000000000000e90        0x0 /usr/local/Cellar/avr-gcc/8.2.0/lib/avr-gcc/8/gcc/avr/8.2.0/avr25/libgcc.a(_clear_bss.o)
 .text.libgcc.fixed
                0x0000000000000e90        0x0 /usr/local/Cellar/avr-gcc/8.2.0/lib/avr-gcc/8/gcc/avr/8.2.0/avr25/libgcc.a(_clear_bss.o)
 .text.libgcc.mul
                0x0000000000000e90        0x0 /usr/local/Cellar/avr-gcc/8.2.0/lib/avr-gcc/8/gcc/avr/8.2.0/avr25/libgcc.a(_udivmodhi4.o)
 .text.libgcc.div
                0x0000000000000e90       0x28 /usr/local/Cellar/avr-gcc/8.2.0/lib/avr-gcc/8/gcc/avr/8.2.0/avr25/libgcc.a(_udivmodhi4.o)
                0x0000000000000e90                __udivmodhi4
 .text.libgcc   0x0000000000000eb8        0x0 /usr/local/Cellar/avr-gcc/8.2.0/lib/avr-gcc/8/gcc/avr/8.2.0/avr25/libgcc.a(_udivmodhi4.o)
 .text.libgcc.prologue
                0x0000000000000eb8        0x0 /usr/local/Cellar/avr-gcc/8.2.0/lib/avr-gcc/8/gcc/avr/8.2.0/avr25/libgcc.a(_udivmodhi4.o)
 .text.libgcc.builtins
                0x0000000000000eb8        0x0 /usr/local/Cellar/avr-gcc/8.2.0/lib/avr-gcc/8/gcc/avr/8.2.0/avr25/libgcc.a(_udivmodhi4.o)
 .text.libgcc.fmul
                0x0000000000000eb8        0x0 /usr/local/Cellar/avr-gcc/8.2.0/lib/avr-gcc/8/gcc/avr/8.2.0/avr25/libgcc.a(_udivmodhi4.o)
 .text.libgcc.fixed
                0x0000000000000eb8        0x0 /usr/local/Cellar/avr-gcc/8.2.0/lib/avr-gcc/8/gcc/avr/8.2.0/avr25/libgcc.a(_udivmodhi4.o)
 .text.avr-libc.fplib
                0x0000000000000eb8        0xa /usr/local/Cellar/avr-gcc/8.2.0/lib/avr-gcc/8/gcc/avr/8.2.0/../../../../../../avr/lib/avr25/libm.a(addsf3.o)
                0x0000000000000eb8                __subsf3
                0x0000000000000eba                __addsf3
 .text.avr-libc.fplib
                0x0000000000000ec2       0xc0 /usr/local/Cellar/avr-gcc/8.2.0/lib/avr-gcc/8/gcc/avr/8.2.0/../../../../../../avr/lib/avr25/libm.a(addsf3x.o)
                0x0000000000000edc                __addsf3x
 .text.avr-libc.fplib
                0x0000000000000f82        0x4 /usr/local/Cellar/avr-gcc/8.2.0/lib/avr-gcc/8/gcc/avr/8.2.0/../../../../../../avr/lib/avr25/libm.a(divsf3.o)
                0x0000000000000f82                __divsf3
 .text.avr-libc.fplib
                0x0000000000000f86       0xcc /usr/local/Cellar/avr-gcc/8.2.0/lib/avr-gcc/8/gcc/avr/8.2.0/../../../../../../avr/lib/avr25/libm.a(divsf3x.o)
                0x0000000000000f9c                __divsf3x
                0x0000000000000fa0                __divsf3_pse
 .text.avr-libc.fplib
                0x0000000000001052        0xa /usr/local/Cellar/avr-gcc/8.2.0/lib/avr-gcc/8/gcc/avr/8.2.0/../../../../../../avr/lib/avr25/libm.a(fixsfsi.o)
                0x0000000000001052                __fixsfsi
 .text.avr-libc.fplib
                0x000000000000105c       0x58 /usr/local/Cellar/avr-gcc/8.2.0/lib/avr-gcc/8/gcc/avr/8.2.0/../../../../../../avr/lib/avr25/libm.a(fixunssfsi.o)
                0x000000000000105c                __fixunssfsi
 .text.avr-libc.fplib
                0x00000000000010b4       0x7a /usr/local/Cellar/avr-gcc/8.2.0/lib/avr-gcc/8/gcc/avr/8.2.0/../../../../../../avr/lib/avr25/libm.a(floatsisf.o)
                0x00000000000010b4                __floatunsisf
                0x00000000000010b8                __floatsisf
 .text.avr-libc.fplib
                0x000000000000112e        0xc /usr/local/Cellar/avr-gcc/8.2.0/lib/avr-gcc/8/gcc/avr/8.2.0/../../../../../../avr/lib/avr25/libm.a(fp_inf.o)
                0x000000000000112e                __fp_inf
 .text.avr-libc.fplib
                0x000000000000113a        0x6 /usr/local/Cellar/avr-gcc/8.2.0/lib/avr-gcc/8/gcc/avr/8.2.0/../../../../../../avr/lib/avr25/libm.a(fp_nan.o)
                0x000000000000113a                __fp_nan
 .text.avr-libc.fplib
                0x0000000000001140        0xe /usr/local/Cellar/avr-gcc/8.2.0/lib/avr-gcc/8/gcc/avr/8.2.0/../../../../../../avr/lib/avr25/libm.a(fp_pscA.o)
                0x0000000000001140                __fp_pscA
 .text.avr-libc.fplib
                0x000000000000114e        0xe /usr/local/Cellar/avr-gcc/8.2.0/lib/avr-gcc/8/gcc/avr/8.2.0/../../../../../../avr/lib/avr25/libm.a(fp_pscB.o)
                0x000000000000114e                __fp_pscB
 .text.avr-libc.fplib
                0x000000000000115c       0x22 /usr/local/Cellar/avr-gcc/8.2.0/lib/avr-gcc/8/gcc/avr/8.2.0/../../../../../../avr/lib/avr25/libm.a(fp_round.o)
                0x000000000000115c                __fp_round
 .text.avr-libc.fplib
                0x000000000000117e       0x44 /usr/local/Cellar/avr-gcc/8.2.0/lib/avr-gcc/8/gcc/avr/8.2.0/../../../../../../avr/lib/avr25/libm.a(fp_split3.o)
                0x000000000000117e                __fp_split3
                0x000000000000118e                __fp_splitA
 .text.avr-libc.fplib
                0x00000000000011c2        0xe /usr/local/Cellar/avr-gcc/8.2.0/lib/avr-gcc/8/gcc/avr/8.2.0/../../../../../../avr/lib/avr25/libm.a(fp_zero.o)
                0x00000000000011c2                __fp_zero
                0x00000000000011c4                __fp_szero
 .text.avr-libc.fplib
                0x00000000000011d0        0x4 /usr/local/Cellar/avr-gcc/8.2.0/lib/avr-gcc/8/gcc/avr/8.2.0/../../../../../../avr/lib/avr25/libm.a(mulsf3.o)
                0x00000000000011d0                __mulsf3
 .text.avr-libc.fplib
                0x00000000000011d4       0xd2 /usr/local/Cellar/avr-gcc/8.2.0/lib/avr-gcc/8/gcc/avr/8.2.0/../../../../../../avr/lib/avr25/libm.a(mulsf3x.o)
                0x00000000000011e6                __mulsf3x
                0x00000000000011ea                __mulsf3_pse
 .text.avr-libc
                0x00000000000012a6       0x3a /usr/local/Cellar/avr-gcc/8.2.0/lib/avr-gcc/8/gcc/avr/8.2.0/../../../../../../avr/lib/avr25/libc.a(dtostrf.o)
                0x00000000000012a6                dtostrf
 .text.avr-libc
                0x00000000000012e0       0x14 /usr/local/Cellar/avr-gcc/8.2.0/lib/avr-gcc/8/gcc/avr/8.2.0/../../../../../../avr/lib/avr25/libc.a(itoa.o)
                0x00000000000012e0                itoa
                0x00000000000012e0                __itoa
 .text.avr-libc
                0x00000000000012f4       0x14 /usr/local/Cellar/avr-gcc/8.2.0/lib/avr-gcc/8/gcc/avr/8.2.0/../../../../../../avr/lib/avr25/libc.a(itoa_ncheck.o)
                0x00000000000012f4                __itoa_ncheck
 .text.avr-libc
                0x0000000000001308       0x32 /usr/local/Cellar/avr-gcc/8.2.0/lib/avr-gcc/8/gcc/avr/8.2.0/../../../../../../avr/lib/avr25/libc.a(utoa_ncheck.o)
                0x0000000000001308                __utoa_ncheck
                0x000000000000130a                __utoa_common
 .text.avr-libc
                0x000000000000133a      0x2be /usr/local/Cellar/avr-gcc/8.2.0/lib/avr-gcc/8/gcc/avr/8.2.0/../../../../../../avr/lib/avr25/libc.a(dtoa_prf.o)
                0x000000000000133a                dtoa_prf
 .text.avr-libc
                0x00000000000015f8      0x1b0 /usr/local/Cellar/avr-gcc/8.2.0/lib/avr-gcc/8/gcc/avr/8.2.0/../../../../../../avr/lib/avr25/libc.a(ftoa_engine.o)
                0x00000000000015f8                __ftoa_engine
 .text.avr-libc
                0x00000000000017a8       0x20 /usr/local/Cellar/avr-gcc/8.2.0/lib/avr-gcc/8/gcc/avr/8.2.0/../../../../../../avr/lib/avr25/libc.a(strrev.o)
                0x00000000000017a8                strrev
 .text.libgcc.mul
                0x00000000000017c8        0x0 /usr/local/Cellar/avr-gcc/8.2.0/lib/avr-gcc/8/gcc/avr/8.2.0/avr25/libgcc.a(_prologue.o)
 .text.libgcc.div
                0x00000000000017c8        0x0 /usr/local/Cellar/avr-gcc/8.2.0/lib/avr-gcc/8/gcc/avr/8.2.0/avr25/libgcc.a(_prologue.o)
 .text.libgcc   0x00000000000017c8        0x0 /usr/local/Cellar/avr-gcc/8.2.0/lib/avr-gcc/8/gcc/avr/8.2.0/avr25/libgcc.a(_prologue.o)
 .text.libgcc.prologue
                0x00000000000017c8       0x38 /usr/local/Cellar/avr-gcc/8.2.0/lib/avr-gcc/8/gcc/avr/8.2.0/avr25/libgcc.a(_prologue.o)
                0x00000000000017c8                __prologue_saves__
 .text.libgcc.builtins
                0x0000000000001800        0x0 /usr/local/Cellar/avr-gcc/8.2.0/lib/avr-gcc/8/gcc/avr/8.2.0/avr25/libgcc.a(_prologue.o)
 .text.libgcc.fmul
                0x0000000000001800        0x0 /usr/local/Cellar/avr-gcc/8.2.0/lib/avr-gcc/8/gcc/avr/8.2.0/avr25/libgcc.a(_prologue.o)
 .text.libgcc.fixed
                0x0000000000001800        0x0 /usr/local/Cellar/avr-gcc/8.2.0/lib/avr-gcc/8/gcc/avr/8.2.0/avr25/libgcc.a(_prologue.o)
 .text.libgcc.mul
                0x0000000000001800        0x0 /usr/local/Cellar/avr-gcc/8.2.0/lib/avr-gcc/8/gcc/avr/8.2.0/avr25/libgcc.a(_epilogue.o)
 .text.libgcc.div
                0x0000000000001800        0x0 /usr/local/Cellar/avr-gcc/8.2.0/lib/avr-gcc/8/gcc/avr/8.2.0/avr25/libgcc.a(_epilogue.o)
 .text.libgcc   0x0000000000001800        0x0 /usr/local/Cellar/avr-gcc/8.2.0/lib/avr-gcc/8/gcc/avr/8.2.0/avr25/libgcc.a(_epilogue.o)
 .text.libgcc.prologue
                0x0000000000001800       0x36 /usr/local/Cellar/avr-gcc/8.2.0/lib/avr-gcc/8/gcc/avr/8.2.0/avr25/libgcc.a(_epilogue.o)
                0x0000000000001800                __epilogue_restores__
 .text.libgcc.builtins
                0x0000000000001836        0x0 /usr/local/Cellar/avr-gcc/8.2.0/lib/avr-gcc/8/gcc/avr/8.2.0/avr25/libgcc.a(_epilogue.o)
 .text.libgcc.fmul
                0x0000000000001836        0x0 /usr/local/Cellar/avr-gcc/8.2.0/lib/avr-gcc/8/gcc/avr/8.2.0/avr25/libgcc.a(_epilogue.o)
 .text.libgcc.fixed
                0x0000000000001836        0x0 /usr/local/Cellar/avr-gcc/8.2.0/lib/avr-gcc/8/gcc/avr/8.2.0/avr25/libgcc.a(_epilogue.o)
                0x0000000000001836                . = ALIGN (0x2)
 *(.fini9)
 .fini9         0x0000000000001836        0x0 /usr/local/Cellar/avr-gcc/8.2.0/lib/avr-gcc/8/gcc/avr/8.2.0/avr25/libgcc.a(_exit.o)
                0x0000000000001836                exit
                0x0000000000001836                _exit
 *(.fini9)
 *(.fini8)
 *(.fini8)
 *(.fini7)
 *(.fini7)
 *(.fini6)
 *(.fini6)
 *(.fini5)
 *(.fini5)
 *(.fini4)
 *(.fini4)
 *(.fini3)
 *(.fini3)
 *(.fini2)
 *(.fini2)
 *(.fini1)
 *(.fini1)
 *(.fini0)
 .fini0         0x0000000000001836        0x4 /usr/local/Cellar/avr-gcc/8.2.0/lib/avr-gcc/8/gcc/avr/8.2.0/avr25/libgcc.a(_exit.o)
 *(.fini0)
 *(.hightext)
 *(.hightext*)
 *(.progmemx.*)
                0x000000000000183a                . = ALIGN (0x2)
 *(.jumptables)
 *(.jumptables*)
                0x000000000000183a                _etext = .

.data           0x0000000000800060       0x26 load address 0x000000000000183a
                0x0000000000800060                PROVIDE (__data_start = .)
 *(.data)
 .data          0x0000000000800060        0x0 /usr/local/Cellar/avr-gcc/8.2.0/lib/avr-gcc/8/gcc/avr/8.2.0/../../../../../../avr/lib/avr25/crtattiny85.o
 .data          0x0000000000800060        0x0 main.o
 .data          0x0000000000800060        0x0 ssd1306xled.o
 .data          0x0000000000800060        0x0 ssd1306xledtx.o
 .data          0x0000000000800060        0x0 num2str.o
 .data          0x0000000000800060        0x0 /usr/local/Cellar/avr-gcc/8.2.0/lib/avr-gcc/8/gcc/avr/8.2.0/avr25/libgcc.a(_divmodhi4.o)
 .data          0x0000000000800060        0x0 /usr/local/Cellar/avr-gcc/8.2.0/lib/avr-gcc/8/gcc/avr/8.2.0/avr25/libgcc.a(_exit.o)
 .data          0x0000000000800060        0x0 /usr/local/Cellar/avr-gcc/8.2.0/lib/avr-gcc/8/gcc/avr/8.2.0/avr25/libgcc.a(_copy_data.o)
 .data          0x0000000000800060        0x0 /usr/local/Cellar/avr-gcc/8.2.0/lib/avr-gcc/8/gcc/avr/8.2.0/avr25/libgcc.a(_clear_bss.o)
 .data          0x0000000000800060        0x0 /usr/local/Cellar/avr-gcc/8.2.0/lib/avr-gcc/8/gcc/avr/8.2.0/avr25/libgcc.a(_udivmodhi4.o)
 .data          0x0000000000800060        0x0 /usr/local/Cellar/avr-gcc/8.2.0/lib/avr-gcc/8/gcc/avr/8.2.0/../../../../../../avr/lib/avr25/libm.a(addsf3.o)
 .data          0x0000000000800060        0x0 /usr/local/Cellar/avr-gcc/8.2.0/lib/avr-gcc/8/gcc/avr/8.2.0/../../../../../../avr/lib/avr25/libm.a(addsf3x.o)
 .data          0x0000000000800060        0x0 /usr/local/Cellar/avr-gcc/8.2.0/lib/avr-gcc/8/gcc/avr/8.2.0/../../../../../../avr/lib/avr25/libm.a(divsf3.o)
 .data          0x0000000000800060        0x0 /usr/local/Cellar/avr-gcc/8.2.0/lib/avr-gcc/8/gcc/avr/8.2.0/../../../../../../avr/lib/avr25/libm.a(divsf3x.o)
 .data          0x0000000000800060        0x0 /usr/local/Cellar/avr-gcc/8.2.0/lib/avr-gcc/8/gcc/avr/8.2.0/../../../../../../avr/lib/avr25/libm.a(fixsfsi.o)
 .data          0x0000000000800060        0x0 /usr/local/Cellar/avr-gcc/8.2.0/lib/avr-gcc/8/gcc/avr/8.2.0/../../../../../../avr/lib/avr25/libm.a(fixunssfsi.o)
 .data          0x0000000000800060        0x0 /usr/local/Cellar/avr-gcc/8.2.0/lib/avr-gcc/8/gcc/avr/8.2.0/../../../../../../avr/lib/avr25/libm.a(floatsisf.o)
 .data          0x0000000000800060        0x0 /usr/local/Cellar/avr-gcc/8.2.0/lib/avr-gcc/8/gcc/avr/8.2.0/../../../../../../avr/lib/avr25/libm.a(fp_inf.o)
 .data          0x0000000000800060        0x0 /usr/local/Cellar/avr-gcc/8.2.0/lib/avr-gcc/8/gcc/avr/8.2.0/../../../../../../avr/lib/avr25/libm.a(fp_nan.o)
 .data          0x0000000000800060        0x0 /usr/local/Cellar/avr-gcc/8.2.0/lib/avr-gcc/8/gcc/avr/8.2.0/../../../../../../avr/lib/avr25/libm.a(fp_pscA.o)
 .data          0x0000000000800060        0x0 /usr/local/Cellar/avr-gcc/8.2.0/lib/avr-gcc/8/gcc/avr/8.2.0/../../../../../../avr/lib/avr25/libm.a(fp_pscB.o)
 .data          0x0000000000800060        0x0 /usr/local/Cellar/avr-gcc/8.2.0/lib/avr-gcc/8/gcc/avr/8.2.0/../../../../../../avr/lib/avr25/libm.a(fp_round.o)
 .data          0x0000000000800060        0x0 /usr/local/Cellar/avr-gcc/8.2.0/lib/avr-gcc/8/gcc/avr/8.2.0/../../../../../../avr/lib/avr25/libm.a(fp_split3.o)
 .data          0x0000000000800060        0x0 /usr/local/Cellar/avr-gcc/8.2.0/lib/avr-gcc/8/gcc/avr/8.2.0/../../../../../../avr/lib/avr25/libm.a(fp_zero.o)
 .data          0x0000000000800060        0x0 /usr/local/Cellar/avr-gcc/8.2.0/lib/avr-gcc/8/gcc/avr/8.2.0/../../../../../../avr/lib/avr25/libm.a(mulsf3.o)
 .data          0x0000000000800060        0x0 /usr/local/Cellar/avr-gcc/8.2.0/lib/avr-gcc/8/gcc/avr/8.2.0/../../../../../../avr/lib/avr25/libm.a(mulsf3x.o)
 .data          0x0000000000800060        0x0 /usr/local/Cellar/avr-gcc/8.2.0/lib/avr-gcc/8/gcc/avr/8.2.0/../../../../../../avr/lib/avr25/libc.a(dtostrf.o)
 .data          0x0000000000800060        0x0 /usr/local/Cellar/avr-gcc/8.2.0/lib/avr-gcc/8/gcc/avr/8.2.0/../../../../../../avr/lib/avr25/libc.a(itoa.o)
 .data          0x0000000000800060        0x0 /usr/local/Cellar/avr-gcc/8.2.0/lib/avr-gcc/8/gcc/avr/8.2.0/../../../../../../avr/lib/avr25/libc.a(itoa_ncheck.o)
 .data          0x0000000000800060        0x0 /usr/local/Cellar/avr-gcc/8.2.0/lib/avr-gcc/8/gcc/avr/8.2.0/../../../../../../avr/lib/avr25/libc.a(utoa_ncheck.o)
 .data          0x0000000000800060        0x0 /usr/local/Cellar/avr-gcc/8.2.0/lib/avr-gcc/8/gcc/avr/8.2.0/../../../../../../avr/lib/avr25/libc.a(dtoa_prf.o)
 .data          0x0000000000800060        0x0 /usr/local/Cellar/avr-gcc/8.2.0/lib/avr-gcc/8/gcc/avr/8.2.0/../../../../../../avr/lib/avr25/libc.a(ftoa_engine.o)
 .data          0x0000000000800060        0x0 /usr/local/Cellar/avr-gcc/8.2.0/lib/avr-gcc/8/gcc/avr/8.2.0/../../../../../../avr/lib/avr25/libc.a(strrev.o)
 .data          0x0000000000800060        0x0 /usr/local/Cellar/avr-gcc/8.2.0/lib/avr-gcc/8/gcc/avr/8.2.0/avr25/libgcc.a(_prologue.o)
 .data          0x0000000000800060        0x0 /usr/local/Cellar/avr-gcc/8.2.0/lib/avr-gcc/8/gcc/avr/8.2.0/avr25/libgcc.a(_epilogue.o)
 *(.data*)
 *(.gnu.linkonce.d*)
 *(.rodata)
 .rodata        0x0000000000800060        0xa num2str.o
 *(.rodata*)
 .rodata.str1.1
                0x000000000080006a       0x1b main.o
 *(.gnu.linkonce.r*)
                0x0000000000800086                . = ALIGN (0x2)
 *fill*         0x0000000000800085        0x1 
                0x0000000000800086                _edata = .
                0x0000000000800086                PROVIDE (__data_end = .)

.bss            0x0000000000800086        0xd
                0x0000000000800086                PROVIDE (__bss_start = .)
 *(.bss)
 .bss           0x0000000000800086        0x0 /usr/local/Cellar/avr-gcc/8.2.0/lib/avr-gcc/8/gcc/avr/8.2.0/../../../../../../avr/lib/avr25/crtattiny85.o
 .bss           0x0000000000800086        0x4 main.o
                0x0000000000800086                doIt
                0x0000000000800088                i
 .bss           0x000000000080008a        0x0 ssd1306xled.o
 .bss           0x000000000080008a        0x0 ssd1306xledtx.o
 .bss           0x000000000080008a        0x0 num2str.o
 .bss           0x000000000080008a        0x0 /usr/local/Cellar/avr-gcc/8.2.0/lib/avr-gcc/8/gcc/avr/8.2.0/avr25/libgcc.a(_divmodhi4.o)
 .bss           0x000000000080008a        0x0 /usr/local/Cellar/avr-gcc/8.2.0/lib/avr-gcc/8/gcc/avr/8.2.0/avr25/libgcc.a(_exit.o)
 .bss           0x000000000080008a        0x0 /usr/local/Cellar/avr-gcc/8.2.0/lib/avr-gcc/8/gcc/avr/8.2.0/avr25/libgcc.a(_copy_data.o)
 .bss           0x000000000080008a        0x0 /usr/local/Cellar/avr-gcc/8.2.0/lib/avr-gcc/8/gcc/avr/8.2.0/avr25/libgcc.a(_clear_bss.o)
 .bss           0x000000000080008a        0x0 /usr/local/Cellar/avr-gcc/8.2.0/lib/avr-gcc/8/gcc/avr/8.2.0/avr25/libgcc.a(_udivmodhi4.o)
 .bss           0x000000000080008a        0x0 /usr/local/Cellar/avr-gcc/8.2.0/lib/avr-gcc/8/gcc/avr/8.2.0/../../../../../../avr/lib/avr25/libm.a(addsf3.o)
 .bss           0x000000000080008a        0x0 /usr/local/Cellar/avr-gcc/8.2.0/lib/avr-gcc/8/gcc/avr/8.2.0/../../../../../../avr/lib/avr25/libm.a(addsf3x.o)
 .bss           0x000000000080008a        0x0 /usr/local/Cellar/avr-gcc/8.2.0/lib/avr-gcc/8/gcc/avr/8.2.0/../../../../../../avr/lib/avr25/libm.a(divsf3.o)
 .bss           0x000000000080008a        0x0 /usr/local/Cellar/avr-gcc/8.2.0/lib/avr-gcc/8/gcc/avr/8.2.0/../../../../../../avr/lib/avr25/libm.a(divsf3x.o)
 .bss           0x000000000080008a        0x0 /usr/local/Cellar/avr-gcc/8.2.0/lib/avr-gcc/8/gcc/avr/8.2.0/../../../../../../avr/lib/avr25/libm.a(fixsfsi.o)
 .bss           0x000000000080008a        0x0 /usr/local/Cellar/avr-gcc/8.2.0/lib/avr-gcc/8/gcc/avr/8.2.0/../../../../../../avr/lib/avr25/libm.a(fixunssfsi.o)
 .bss           0x000000000080008a        0x0 /usr/local/Cellar/avr-gcc/8.2.0/lib/avr-gcc/8/gcc/avr/8.2.0/../../../../../../avr/lib/avr25/libm.a(floatsisf.o)
 .bss           0x000000000080008a        0x0 /usr/local/Cellar/avr-gcc/8.2.0/lib/avr-gcc/8/gcc/avr/8.2.0/../../../../../../avr/lib/avr25/libm.a(fp_inf.o)
 .bss           0x000000000080008a        0x0 /usr/local/Cellar/avr-gcc/8.2.0/lib/avr-gcc/8/gcc/avr/8.2.0/../../../../../../avr/lib/avr25/libm.a(fp_nan.o)
 .bss           0x000000000080008a        0x0 /usr/local/Cellar/avr-gcc/8.2.0/lib/avr-gcc/8/gcc/avr/8.2.0/../../../../../../avr/lib/avr25/libm.a(fp_pscA.o)
 .bss           0x000000000080008a        0x0 /usr/local/Cellar/avr-gcc/8.2.0/lib/avr-gcc/8/gcc/avr/8.2.0/../../../../../../avr/lib/avr25/libm.a(fp_pscB.o)
 .bss           0x000000000080008a        0x0 /usr/local/Cellar/avr-gcc/8.2.0/lib/avr-gcc/8/gcc/avr/8.2.0/../../../../../../avr/lib/avr25/libm.a(fp_round.o)
 .bss           0x000000000080008a        0x0 /usr/local/Cellar/avr-gcc/8.2.0/lib/avr-gcc/8/gcc/avr/8.2.0/../../../../../../avr/lib/avr25/libm.a(fp_split3.o)
 .bss           0x000000000080008a        0x0 /usr/local/Cellar/avr-gcc/8.2.0/lib/avr-gcc/8/gcc/avr/8.2.0/../../../../../../avr/lib/avr25/libm.a(fp_zero.o)
 .bss           0x000000000080008a        0x0 /usr/local/Cellar/avr-gcc/8.2.0/lib/avr-gcc/8/gcc/avr/8.2.0/../../../../../../avr/lib/avr25/libm.a(mulsf3.o)
 .bss           0x000000000080008a        0x0 /usr/local/Cellar/avr-gcc/8.2.0/lib/avr-gcc/8/gcc/avr/8.2.0/../../../../../../avr/lib/avr25/libm.a(mulsf3x.o)
 .bss           0x000000000080008a        0x0 /usr/local/Cellar/avr-gcc/8.2.0/lib/avr-gcc/8/gcc/avr/8.2.0/../../../../../../avr/lib/avr25/libc.a(dtostrf.o)
 .bss           0x000000000080008a        0x0 /usr/local/Cellar/avr-gcc/8.2.0/lib/avr-gcc/8/gcc/avr/8.2.0/../../../../../../avr/lib/avr25/libc.a(itoa.o)
 .bss           0x000000000080008a        0x0 /usr/local/Cellar/avr-gcc/8.2.0/lib/avr-gcc/8/gcc/avr/8.2.0/../../../../../../avr/lib/avr25/libc.a(itoa_ncheck.o)
 .bss           0x000000000080008a        0x0 /usr/local/Cellar/avr-gcc/8.2.0/lib/avr-gcc/8/gcc/avr/8.2.0/../../../../../../avr/lib/avr25/libc.a(utoa_ncheck.o)
 .bss           0x000000000080008a        0x0 /usr/local/Cellar/avr-gcc/8.2.0/lib/avr-gcc/8/gcc/avr/8.2.0/../../../../../../avr/lib/avr25/libc.a(dtoa_prf.o)
 .bss           0x000000000080008a        0x0 /usr/local/Cellar/avr-gcc/8.2.0/lib/avr-gcc/8/gcc/avr/8.2.0/../../../../../../avr/lib/avr25/libc.a(ftoa_engine.o)
 .bss           0x000000000080008a        0x0 /usr/local/Cellar/avr-gcc/8.2.0/lib/avr-gcc/8/gcc/avr/8.2.0/../../../../../../avr/lib/avr25/libc.a(strrev.o)
 .bss           0x000000000080008a        0x0 /usr/local/Cellar/avr-gcc/8.2.0/lib/avr-gcc/8/gcc/avr/8.2.0/avr25/libgcc.a(_prologue.o)
 .bss           0x000000000080008a        0x0 /usr/local/Cellar/avr-gcc/8.2.0/lib/avr-gcc/8/gcc/avr/8.2.0/avr25/libgcc.a(_epilogue.o)
 *(.bss*)
 *(COMMON)
 COMMON         0x000000000080008a        0x9 ssd1306xledtx.o
                0x000000000080008a                ssd1306_numdec_buffer
                0x0000000000800090                ssd1306tx_font_char_base
                0x0000000000800091                ssd1306tx_font_src
                0x0000000000800093                PROVIDE (__bss_end = .)
                0x000000000000183a                __data_load_start = LOADADDR (.data)
                0x0000000000001860                __data_load_end = (__data_load_start + SIZEOF (.data))

.noinit         0x0000000000800093        0x0
                [!provide]                        PROVIDE (__noinit_start = .)
 *(.noinit*)
                [!provide]                        PROVIDE (__noinit_end = .)
                0x0000000000800093                _end = .
                [!provide]                        PROVIDE (__heap_start = .)

.eeprom         0x0000000000810000        0x0
 *(.eeprom*)
                0x0000000000810000                __eeprom_end = .

.fuse
 *(.fuse)
 *(.lfuse)
 *(.hfuse)
 *(.efuse)

.lock
 *(.lock*)

.signature
 *(.signature*)

.stab
 *(.stab)

.stabstr
 *(.stabstr)

.stab.excl
 *(.stab.excl)

.stab.exclstr
 *(.stab.exclstr)

.stab.index
 *(.stab.index)

.stab.indexstr
 *(.stab.indexstr)

.comment        0x0000000000000000       0x11
 *(.comment)
 .comment       0x0000000000000000       0x11 main.o
                                         0x12 (size before relaxing)
 .comment       0x0000000000000011       0x12 ssd1306xled.o
 .comment       0x0000000000000011       0x12 ssd1306xledtx.o
 .comment       0x0000000000000011       0x12 num2str.o
 .comment       0x0000000000000011       0x12 /usr/local/Cellar/avr-gcc/8.2.0/lib/avr-gcc/8/gcc/avr/8.2.0/../../../../../../avr/lib/avr25/libc.a(dtostrf.o)
 .comment       0x0000000000000011       0x12 /usr/local/Cellar/avr-gcc/8.2.0/lib/avr-gcc/8/gcc/avr/8.2.0/../../../../../../avr/lib/avr25/libc.a(dtoa_prf.o)

.note.gnu.avr.deviceinfo
                0x0000000000000000       0x3c
 .note.gnu.avr.deviceinfo
                0x0000000000000000       0x3c /usr/local/Cellar/avr-gcc/8.2.0/lib/avr-gcc/8/gcc/avr/8.2.0/../../../../../../avr/lib/avr25/crtattiny85.o

.note.gnu.build-id
 *(.note.gnu.build-id)

.debug
 *(.debug)

.line
 *(.line)

.debug_srcinfo
 *(.debug_srcinfo)

.debug_sfnames
 *(.debug_sfnames)

.debug_aranges  0x0000000000000000      0x168
 *(.debug_aranges)
 .debug_aranges
                0x0000000000000000       0x28 main.o
 .debug_aranges
                0x0000000000000028       0x20 ssd1306xled.o
 .debug_aranges
                0x0000000000000048       0x20 ssd1306xledtx.o
 .debug_aranges
                0x0000000000000068       0x20 num2str.o
 .debug_aranges
                0x0000000000000088       0x20 /usr/local/Cellar/avr-gcc/8.2.0/lib/avr-gcc/8/gcc/avr/8.2.0/avr25/libgcc.a(_divmodhi4.o)
 .debug_aranges
                0x00000000000000a8       0x20 /usr/local/Cellar/avr-gcc/8.2.0/lib/avr-gcc/8/gcc/avr/8.2.0/avr25/libgcc.a(_exit.o)
 .debug_aranges
                0x00000000000000c8       0x20 /usr/local/Cellar/avr-gcc/8.2.0/lib/avr-gcc/8/gcc/avr/8.2.0/avr25/libgcc.a(_copy_data.o)
 .debug_aranges
                0x00000000000000e8       0x20 /usr/local/Cellar/avr-gcc/8.2.0/lib/avr-gcc/8/gcc/avr/8.2.0/avr25/libgcc.a(_clear_bss.o)
 .debug_aranges
                0x0000000000000108       0x20 /usr/local/Cellar/avr-gcc/8.2.0/lib/avr-gcc/8/gcc/avr/8.2.0/avr25/libgcc.a(_udivmodhi4.o)
 .debug_aranges
                0x0000000000000128       0x20 /usr/local/Cellar/avr-gcc/8.2.0/lib/avr-gcc/8/gcc/avr/8.2.0/avr25/libgcc.a(_prologue.o)
 .debug_aranges
                0x0000000000000148       0x20 /usr/local/Cellar/avr-gcc/8.2.0/lib/avr-gcc/8/gcc/avr/8.2.0/avr25/libgcc.a(_epilogue.o)

.debug_pubnames
 *(.debug_pubnames)

.debug_info     0x0000000000000000     0x18ab
 *(.debug_info .gnu.linkonce.wi.*)
 .debug_info    0x0000000000000000      0x420 /usr/local/Cellar/avr-gcc/8.2.0/lib/avr-gcc/8/gcc/avr/8.2.0/../../../../../../avr/lib/avr25/crtattiny85.o
 .debug_info    0x0000000000000420      0x611 main.o
 .debug_info    0x0000000000000a31      0x5e5 ssd1306xled.o
 .debug_info    0x0000000000001016      0x529 ssd1306xledtx.o
 .debug_info    0x000000000000153f      0x262 num2str.o
 .debug_info    0x00000000000017a1       0x26 /usr/local/Cellar/avr-gcc/8.2.0/lib/avr-gcc/8/gcc/avr/8.2.0/avr25/libgcc.a(_divmodhi4.o)
 .debug_info    0x00000000000017c7       0x26 /usr/local/Cellar/avr-gcc/8.2.0/lib/avr-gcc/8/gcc/avr/8.2.0/avr25/libgcc.a(_exit.o)
 .debug_info    0x00000000000017ed       0x26 /usr/local/Cellar/avr-gcc/8.2.0/lib/avr-gcc/8/gcc/avr/8.2.0/avr25/libgcc.a(_copy_data.o)
 .debug_info    0x0000000000001813       0x26 /usr/local/Cellar/avr-gcc/8.2.0/lib/avr-gcc/8/gcc/avr/8.2.0/avr25/libgcc.a(_clear_bss.o)
 .debug_info    0x0000000000001839       0x26 /usr/local/Cellar/avr-gcc/8.2.0/lib/avr-gcc/8/gcc/avr/8.2.0/avr25/libgcc.a(_udivmodhi4.o)
 .debug_info    0x000000000000185f       0x26 /usr/local/Cellar/avr-gcc/8.2.0/lib/avr-gcc/8/gcc/avr/8.2.0/avr25/libgcc.a(_prologue.o)
 .debug_info    0x0000000000001885       0x26 /usr/local/Cellar/avr-gcc/8.2.0/lib/avr-gcc/8/gcc/avr/8.2.0/avr25/libgcc.a(_epilogue.o)

.debug_abbrev   0x0000000000000000      0xbf8
 *(.debug_abbrev)
 .debug_abbrev  0x0000000000000000      0x3e8 /usr/local/Cellar/avr-gcc/8.2.0/lib/avr-gcc/8/gcc/avr/8.2.0/../../../../../../avr/lib/avr25/crtattiny85.o
 .debug_abbrev  0x00000000000003e8      0x2b7 main.o
 .debug_abbrev  0x000000000000069f      0x228 ssd1306xled.o
 .debug_abbrev  0x00000000000008c7      0x195 ssd1306xledtx.o
 .debug_abbrev  0x0000000000000a5c      0x110 num2str.o
 .debug_abbrev  0x0000000000000b6c       0x14 /usr/local/Cellar/avr-gcc/8.2.0/lib/avr-gcc/8/gcc/avr/8.2.0/avr25/libgcc.a(_divmodhi4.o)
 .debug_abbrev  0x0000000000000b80       0x14 /usr/local/Cellar/avr-gcc/8.2.0/lib/avr-gcc/8/gcc/avr/8.2.0/avr25/libgcc.a(_exit.o)
 .debug_abbrev  0x0000000000000b94       0x14 /usr/local/Cellar/avr-gcc/8.2.0/lib/avr-gcc/8/gcc/avr/8.2.0/avr25/libgcc.a(_copy_data.o)
 .debug_abbrev  0x0000000000000ba8       0x14 /usr/local/Cellar/avr-gcc/8.2.0/lib/avr-gcc/8/gcc/avr/8.2.0/avr25/libgcc.a(_clear_bss.o)
 .debug_abbrev  0x0000000000000bbc       0x14 /usr/local/Cellar/avr-gcc/8.2.0/lib/avr-gcc/8/gcc/avr/8.2.0/avr25/libgcc.a(_udivmodhi4.o)
 .debug_abbrev  0x0000000000000bd0       0x14 /usr/local/Cellar/avr-gcc/8.2.0/lib/avr-gcc/8/gcc/avr/8.2.0/avr25/libgcc.a(_prologue.o)
 .debug_abbrev  0x0000000000000be4       0x14 /usr/local/Cellar/avr-gcc/8.2.0/lib/avr-gcc/8/gcc/avr/8.2.0/avr25/libgcc.a(_epilogue.o)

.debug_line     0x0000000000000000     0x189c
 *(.debug_line .debug_line.* .debug_line_end)
 .debug_line    0x0000000000000000       0x1d /usr/local/Cellar/avr-gcc/8.2.0/lib/avr-gcc/8/gcc/avr/8.2.0/../../../../../../avr/lib/avr25/crtattiny85.o
 .debug_line    0x000000000000001d      0x5eb main.o
 .debug_line    0x0000000000000608      0x58c ssd1306xled.o
 .debug_line    0x0000000000000b94      0x4a0 ssd1306xledtx.o
 .debug_line    0x0000000000001034      0x363 num2str.o
 .debug_line    0x0000000000001397       0xc7 /usr/local/Cellar/avr-gcc/8.2.0/lib/avr-gcc/8/gcc/avr/8.2.0/avr25/libgcc.a(_divmodhi4.o)
 .debug_line    0x000000000000145e       0x61 /usr/local/Cellar/avr-gcc/8.2.0/lib/avr-gcc/8/gcc/avr/8.2.0/avr25/libgcc.a(_exit.o)
 .debug_line    0x00000000000014bf       0x97 /usr/local/Cellar/avr-gcc/8.2.0/lib/avr-gcc/8/gcc/avr/8.2.0/avr25/libgcc.a(_copy_data.o)
 .debug_line    0x0000000000001556       0x85 /usr/local/Cellar/avr-gcc/8.2.0/lib/avr-gcc/8/gcc/avr/8.2.0/avr25/libgcc.a(_clear_bss.o)
 .debug_line    0x00000000000015db       0xcd /usr/local/Cellar/avr-gcc/8.2.0/lib/avr-gcc/8/gcc/avr/8.2.0/avr25/libgcc.a(_udivmodhi4.o)
 .debug_line    0x00000000000016a8       0xfd /usr/local/Cellar/avr-gcc/8.2.0/lib/avr-gcc/8/gcc/avr/8.2.0/avr25/libgcc.a(_prologue.o)
 .debug_line    0x00000000000017a5       0xf7 /usr/local/Cellar/avr-gcc/8.2.0/lib/avr-gcc/8/gcc/avr/8.2.0/avr25/libgcc.a(_epilogue.o)

.debug_frame    0x0000000000000000      0x2a8
 *(.debug_frame)
 .debug_frame   0x0000000000000000       0x84 main.o
 .debug_frame   0x0000000000000084       0xf0 ssd1306xled.o
 .debug_frame   0x0000000000000174       0xdc ssd1306xledtx.o
 .debug_frame   0x0000000000000250       0x58 num2str.o

.debug_str      0x0000000000000000      0x688
 *(.debug_str)
 .debug_str     0x0000000000000000      0x169 /usr/local/Cellar/avr-gcc/8.2.0/lib/avr-gcc/8/gcc/avr/8.2.0/../../../../../../avr/lib/avr25/crtattiny85.o
 .debug_str     0x0000000000000169      0x2ad main.o
                                        0x2e6 (size before relaxing)
 .debug_str     0x0000000000000416       0xec ssd1306xled.o
                                        0x25d (size before relaxing)
 .debug_str     0x0000000000000502       0xb4 ssd1306xledtx.o
                                        0x2ea (size before relaxing)
 .debug_str     0x00000000000005b6       0x4e num2str.o
                                        0x1c3 (size before relaxing)
 .debug_str     0x0000000000000604       0x84 /usr/local/Cellar/avr-gcc/8.2.0/lib/avr-gcc/8/gcc/avr/8.2.0/avr25/libgcc.a(_divmodhi4.o)
 .debug_str     0x0000000000000688       0x84 /usr/local/Cellar/avr-gcc/8.2.0/lib/avr-gcc/8/gcc/avr/8.2.0/avr25/libgcc.a(_exit.o)
 .debug_str     0x0000000000000688       0x84 /usr/local/Cellar/avr-gcc/8.2.0/lib/avr-gcc/8/gcc/avr/8.2.0/avr25/libgcc.a(_copy_data.o)
 .debug_str     0x0000000000000688       0x84 /usr/local/Cellar/avr-gcc/8.2.0/lib/avr-gcc/8/gcc/avr/8.2.0/avr25/libgcc.a(_clear_bss.o)
 .debug_str     0x0000000000000688       0x84 /usr/local/Cellar/avr-gcc/8.2.0/lib/avr-gcc/8/gcc/avr/8.2.0/avr25/libgcc.a(_udivmodhi4.o)
 .debug_str     0x0000000000000688       0x84 /usr/local/Cellar/avr-gcc/8.2.0/lib/avr-gcc/8/gcc/avr/8.2.0/avr25/libgcc.a(_prologue.o)
 .debug_str     0x0000000000000688       0x84 /usr/local/Cellar/avr-gcc/8.2.0/lib/avr-gcc/8/gcc/avr/8.2.0/avr25/libgcc.a(_epilogue.o)

.debug_loc      0x0000000000000000      0xf79
 *(.debug_loc)
 .debug_loc     0x0000000000000000      0x2fc main.o
 .debug_loc     0x00000000000002fc      0x42d ssd1306xled.o
 .debug_loc     0x0000000000000729      0x55a ssd1306xledtx.o
 .debug_loc     0x0000000000000c83      0x2f6 num2str.o

.debug_macinfo
 *(.debug_macinfo)

.debug_weaknames
 *(.debug_weaknames)

.debug_funcnames
 *(.debug_funcnames)

.debug_typenames
 *(.debug_typenames)

.debug_varnames
 *(.debug_varnames)

.debug_pubtypes
 *(.debug_pubtypes)

.debug_ranges   0x0000000000000000      0x180
 *(.debug_ranges)
 .debug_ranges  0x0000000000000000       0x48 main.o
 .debug_ranges  0x0000000000000048       0x90 ssd1306xled.o
 .debug_ranges  0x00000000000000d8       0x30 ssd1306xledtx.o
 .debug_ranges  0x0000000000000108       0x78 num2str.o

.debug_macro
 *(.debug_macro)

.debug_addr
 *(.debug_addr)
OUTPUT(main.elf elf32-avr)
LOAD linker stubs

Cross Reference Table

Symbol                                            File
__addsf3                                          /usr/local/Cellar/avr-gcc/8.2.0/lib/avr-gcc/8/gcc/avr/8.2.0/../../../../../../avr/lib/avr25/libm.a(addsf3.o)
                                                  main.o
__addsf3x                                         /usr/local/Cellar/avr-gcc/8.2.0/lib/avr-gcc/8/gcc/avr/8.2.0/../../../../../../avr/lib/avr25/libm.a(addsf3x.o)
                                                  /usr/local/Cellar/avr-gcc/8.2.0/lib/avr-gcc/8/gcc/avr/8.2.0/../../../../../../avr/lib/avr25/libm.a(addsf3.o)
__bad_interrupt                                   /usr/local/Cellar/avr-gcc/8.2.0/lib/avr-gcc/8/gcc/avr/8.2.0/../../../../../../avr/lib/avr25/crtattiny85.o
__bss_end                                         /usr/local/Cellar/avr-gcc/8.2.0/lib/avr-gcc/8/gcc/avr/8.2.0/avr25/libgcc.a(_clear_bss.o)
__bss_start                                       /usr/local/Cellar/avr-gcc/8.2.0/lib/avr-gcc/8/gcc/avr/8.2.0/avr25/libgcc.a(_clear_bss.o)
__data_end                                        /usr/local/Cellar/avr-gcc/8.2.0/lib/avr-gcc/8/gcc/avr/8.2.0/avr25/libgcc.a(_copy_data.o)
__data_load_start                                 /usr/local/Cellar/avr-gcc/8.2.0/lib/avr-gcc/8/gcc/avr/8.2.0/avr25/libgcc.a(_copy_data.o)
__data_start                                      /usr/local/Cellar/avr-gcc/8.2.0/lib/avr-gcc/8/gcc/avr/8.2.0/avr25/libgcc.a(_copy_data.o)
__divmodhi4                                       /usr/local/Cellar/avr-gcc/8.2.0/lib/avr-gcc/8/gcc/avr/8.2.0/avr25/libgcc.a(_divmodhi4.o)
                                                  main.o
__divsf3                                          /usr/local/Cellar/avr-gcc/8.2.0/lib/avr-gcc/8/gcc/avr/8.2.0/../../../../../../avr/lib/avr25/libm.a(divsf3.o)
                                                  main.o
__divsf3_pse                                      /usr/local/Cellar/avr-gcc/8.2.0/lib/avr-gcc/8/gcc/avr/8.2.0/../../../../../../avr/lib/avr25/libm.a(divsf3x.o)
__divsf3x                                         /usr/local/Cellar/avr-gcc/8.2.0/lib/avr-gcc/8/gcc/avr/8.2.0/../../../../../../avr/lib/avr25/libm.a(divsf3x.o)
                                                  /usr/local/Cellar/avr-gcc/8.2.0/lib/avr-gcc/8/gcc/avr/8.2.0/../../../../../../avr/lib/avr25/libm.a(divsf3.o)
__do_clear_bss                                    /usr/local/Cellar/avr-gcc/8.2.0/lib/avr-gcc/8/gcc/avr/8.2.0/avr25/libgcc.a(_clear_bss.o)
                                                  ssd1306xledtx.o
                                                  main.o
__do_copy_data                                    /usr/local/Cellar/avr-gcc/8.2.0/lib/avr-gcc/8/gcc/avr/8.2.0/avr25/libgcc.a(_copy_data.o)
                                                  num2str.o
                                                  main.o
__epilogue_restores__                             /usr/local/Cellar/avr-gcc/8.2.0/lib/avr-gcc/8/gcc/avr/8.2.0/avr25/libgcc.a(_epilogue.o)
                                                  /usr/local/Cellar/avr-gcc/8.2.0/lib/avr-gcc/8/gcc/avr/8.2.0/../../../../../../avr/lib/avr25/libc.a(dtoa_prf.o)
__fixsfsi                                         /usr/local/Cellar/avr-gcc/8.2.0/lib/avr-gcc/8/gcc/avr/8.2.0/../../../../../../avr/lib/avr25/libm.a(fixsfsi.o)
                                                  main.o
__fixunssfsi                                      /usr/local/Cellar/avr-gcc/8.2.0/lib/avr-gcc/8/gcc/avr/8.2.0/../../../../../../avr/lib/avr25/libm.a(fixunssfsi.o)
                                                  /usr/local/Cellar/avr-gcc/8.2.0/lib/avr-gcc/8/gcc/avr/8.2.0/../../../../../../avr/lib/avr25/libm.a(fixsfsi.o)
__floatsisf                                       /usr/local/Cellar/avr-gcc/8.2.0/lib/avr-gcc/8/gcc/avr/8.2.0/../../../../../../avr/lib/avr25/libm.a(floatsisf.o)
                                                  main.o
__floatunsisf                                     /usr/local/Cellar/avr-gcc/8.2.0/lib/avr-gcc/8/gcc/avr/8.2.0/../../../../../../avr/lib/avr25/libm.a(floatsisf.o)
                                                  main.o
__fp_inf                                          /usr/local/Cellar/avr-gcc/8.2.0/lib/avr-gcc/8/gcc/avr/8.2.0/../../../../../../avr/lib/avr25/libm.a(fp_inf.o)
                                                  /usr/local/Cellar/avr-gcc/8.2.0/lib/avr-gcc/8/gcc/avr/8.2.0/../../../../../../avr/lib/avr25/libm.a(mulsf3x.o)
                                                  /usr/local/Cellar/avr-gcc/8.2.0/lib/avr-gcc/8/gcc/avr/8.2.0/../../../../../../avr/lib/avr25/libm.a(divsf3x.o)
                                                  /usr/local/Cellar/avr-gcc/8.2.0/lib/avr-gcc/8/gcc/avr/8.2.0/../../../../../../avr/lib/avr25/libm.a(addsf3x.o)
__fp_nan                                          /usr/local/Cellar/avr-gcc/8.2.0/lib/avr-gcc/8/gcc/avr/8.2.0/../../../../../../avr/lib/avr25/libm.a(fp_nan.o)
                                                  /usr/local/Cellar/avr-gcc/8.2.0/lib/avr-gcc/8/gcc/avr/8.2.0/../../../../../../avr/lib/avr25/libm.a(mulsf3x.o)
                                                  /usr/local/Cellar/avr-gcc/8.2.0/lib/avr-gcc/8/gcc/avr/8.2.0/../../../../../../avr/lib/avr25/libm.a(divsf3x.o)
                                                  /usr/local/Cellar/avr-gcc/8.2.0/lib/avr-gcc/8/gcc/avr/8.2.0/../../../../../../avr/lib/avr25/libm.a(addsf3x.o)
__fp_pscA                                         /usr/local/Cellar/avr-gcc/8.2.0/lib/avr-gcc/8/gcc/avr/8.2.0/../../../../../../avr/lib/avr25/libm.a(fp_pscA.o)
                                                  /usr/local/Cellar/avr-gcc/8.2.0/lib/avr-gcc/8/gcc/avr/8.2.0/../../../../../../avr/lib/avr25/libm.a(mulsf3x.o)
                                                  /usr/local/Cellar/avr-gcc/8.2.0/lib/avr-gcc/8/gcc/avr/8.2.0/../../../../../../avr/lib/avr25/libm.a(divsf3x.o)
                                                  /usr/local/Cellar/avr-gcc/8.2.0/lib/avr-gcc/8/gcc/avr/8.2.0/../../../../../../avr/lib/avr25/libm.a(addsf3x.o)
__fp_pscB                                         /usr/local/Cellar/avr-gcc/8.2.0/lib/avr-gcc/8/gcc/avr/8.2.0/../../../../../../avr/lib/avr25/libm.a(fp_pscB.o)
                                                  /usr/local/Cellar/avr-gcc/8.2.0/lib/avr-gcc/8/gcc/avr/8.2.0/../../../../../../avr/lib/avr25/libm.a(mulsf3x.o)
                                                  /usr/local/Cellar/avr-gcc/8.2.0/lib/avr-gcc/8/gcc/avr/8.2.0/../../../../../../avr/lib/avr25/libm.a(divsf3x.o)
                                                  /usr/local/Cellar/avr-gcc/8.2.0/lib/avr-gcc/8/gcc/avr/8.2.0/../../../../../../avr/lib/avr25/libm.a(addsf3x.o)
__fp_round                                        /usr/local/Cellar/avr-gcc/8.2.0/lib/avr-gcc/8/gcc/avr/8.2.0/../../../../../../avr/lib/avr25/libm.a(fp_round.o)
                                                  /usr/local/Cellar/avr-gcc/8.2.0/lib/avr-gcc/8/gcc/avr/8.2.0/../../../../../../avr/lib/avr25/libm.a(mulsf3.o)
                                                  /usr/local/Cellar/avr-gcc/8.2.0/lib/avr-gcc/8/gcc/avr/8.2.0/../../../../../../avr/lib/avr25/libm.a(divsf3.o)
                                                  /usr/local/Cellar/avr-gcc/8.2.0/lib/avr-gcc/8/gcc/avr/8.2.0/../../../../../../avr/lib/avr25/libm.a(addsf3.o)
__fp_split3                                       /usr/local/Cellar/avr-gcc/8.2.0/lib/avr-gcc/8/gcc/avr/8.2.0/../../../../../../avr/lib/avr25/libm.a(fp_split3.o)
                                                  /usr/local/Cellar/avr-gcc/8.2.0/lib/avr-gcc/8/gcc/avr/8.2.0/../../../../../../avr/lib/avr25/libm.a(mulsf3x.o)
                                                  /usr/local/Cellar/avr-gcc/8.2.0/lib/avr-gcc/8/gcc/avr/8.2.0/../../../../../../avr/lib/avr25/libm.a(divsf3x.o)
                                                  /usr/local/Cellar/avr-gcc/8.2.0/lib/avr-gcc/8/gcc/avr/8.2.0/../../../../../../avr/lib/avr25/libm.a(addsf3x.o)
__fp_splitA                                       /usr/local/Cellar/avr-gcc/8.2.0/lib/avr-gcc/8/gcc/avr/8.2.0/../../../../../../avr/lib/avr25/libm.a(fp_split3.o)
                                                  /usr/local/Cellar/avr-gcc/8.2.0/lib/avr-gcc/8/gcc/avr/8.2.0/../../../../../../avr/lib/avr25/libm.a(fixunssfsi.o)
__fp_szero                                        /usr/local/Cellar/avr-gcc/8.2.0/lib/avr-gcc/8/gcc/avr/8.2.0/../../../../../../avr/lib/avr25/libm.a(fp_zero.o)
                                                  /usr/local/Cellar/avr-gcc/8.2.0/lib/avr-gcc/8/gcc/avr/8.2.0/../../../../../../avr/lib/avr25/libm.a(mulsf3x.o)
                                                  /usr/local/Cellar/avr-gcc/8.2.0/lib/avr-gcc/8/gcc/avr/8.2.0/../../../../../../avr/lib/avr25/libm.a(fixsfsi.o)
                                                  /usr/local/Cellar/avr-gcc/8.2.0/lib/avr-gcc/8/gcc/avr/8.2.0/../../../../../../avr/lib/avr25/libm.a(divsf3x.o)
__fp_zero                                         /usr/local/Cellar/avr-gcc/8.2.0/lib/avr-gcc/8/gcc/avr/8.2.0/../../../../../../avr/lib/avr25/libm.a(fp_zero.o)
                                                  /usr/local/Cellar/avr-gcc/8.2.0/lib/avr-gcc/8/gcc/avr/8.2.0/../../../../../../avr/lib/avr25/libm.a(fixunssfsi.o)
                                                  /usr/local/Cellar/avr-gcc/8.2.0/lib/avr-gcc/8/gcc/avr/8.2.0/../../../../../../avr/lib/avr25/libm.a(addsf3x.o)
__ftoa_engine                                     /usr/local/Cellar/avr-gcc/8.2.0/lib/avr-gcc/8/gcc/avr/8.2.0/../../../../../../avr/lib/avr25/libc.a(ftoa_engine.o)
                                                  /usr/local/Cellar/avr-gcc/8.2.0/lib/avr-gcc/8/gcc/avr/8.2.0/../../../../../../avr/lib/avr25/libc.a(dtoa_prf.o)
__heap_end                                        /usr/local/Cellar/avr-gcc/8.2.0/lib/avr-gcc/8/gcc/avr/8.2.0/../../../../../../avr/lib/avr25/crtattiny85.o
__init                                            /usr/local/Cellar/avr-gcc/8.2.0/lib/avr-gcc/8/gcc/avr/8.2.0/../../../../../../avr/lib/avr25/crtattiny85.o
__itoa                                            /usr/local/Cellar/avr-gcc/8.2.0/lib/avr-gcc/8/gcc/avr/8.2.0/../../../../../../avr/lib/avr25/libc.a(itoa.o)
__itoa_ncheck                                     /usr/local/Cellar/avr-gcc/8.2.0/lib/avr-gcc/8/gcc/avr/8.2.0/../../../../../../avr/lib/avr25/libc.a(itoa_ncheck.o)
                                                  /usr/local/Cellar/avr-gcc/8.2.0/lib/avr-gcc/8/gcc/avr/8.2.0/../../../../../../avr/lib/avr25/libc.a(itoa.o)
__mulsf3                                          /usr/local/Cellar/avr-gcc/8.2.0/lib/avr-gcc/8/gcc/avr/8.2.0/../../../../../../avr/lib/avr25/libm.a(mulsf3.o)
                                                  main.o
__mulsf3_pse                                      /usr/local/Cellar/avr-gcc/8.2.0/lib/avr-gcc/8/gcc/avr/8.2.0/../../../../../../avr/lib/avr25/libm.a(mulsf3x.o)
__mulsf3x                                         /usr/local/Cellar/avr-gcc/8.2.0/lib/avr-gcc/8/gcc/avr/8.2.0/../../../../../../avr/lib/avr25/libm.a(mulsf3x.o)
                                                  /usr/local/Cellar/avr-gcc/8.2.0/lib/avr-gcc/8/gcc/avr/8.2.0/../../../../../../avr/lib/avr25/libm.a(mulsf3.o)
__prologue_saves__                                /usr/local/Cellar/avr-gcc/8.2.0/lib/avr-gcc/8/gcc/avr/8.2.0/avr25/libgcc.a(_prologue.o)
                                                  /usr/local/Cellar/avr-gcc/8.2.0/lib/avr-gcc/8/gcc/avr/8.2.0/../../../../../../avr/lib/avr25/libc.a(dtoa_prf.o)
__stack                                           /usr/local/Cellar/avr-gcc/8.2.0/lib/avr-gcc/8/gcc/avr/8.2.0/../../../../../../avr/lib/avr25/crtattiny85.o
__subsf3                                          /usr/local/Cellar/avr-gcc/8.2.0/lib/avr-gcc/8/gcc/avr/8.2.0/../../../../../../avr/lib/avr25/libm.a(addsf3.o)
                                                  main.o
__udivmodhi4                                      /usr/local/Cellar/avr-gcc/8.2.0/lib/avr-gcc/8/gcc/avr/8.2.0/avr25/libgcc.a(_udivmodhi4.o)
                                                  /usr/local/Cellar/avr-gcc/8.2.0/lib/avr-gcc/8/gcc/avr/8.2.0/avr25/libgcc.a(_divmodhi4.o)
__utoa_common                                     /usr/local/Cellar/avr-gcc/8.2.0/lib/avr-gcc/8/gcc/avr/8.2.0/../../../../../../avr/lib/avr25/libc.a(utoa_ncheck.o)
                                                  /usr/local/Cellar/avr-gcc/8.2.0/lib/avr-gcc/8/gcc/avr/8.2.0/../../../../../../avr/lib/avr25/libc.a(itoa_ncheck.o)
__utoa_ncheck                                     /usr/local/Cellar/avr-gcc/8.2.0/lib/avr-gcc/8/gcc/avr/8.2.0/../../../../../../avr/lib/avr25/libc.a(utoa_ncheck.o)
__vector_1                                        /usr/local/Cellar/avr-gcc/8.2.0/lib/avr-gcc/8/gcc/avr/8.2.0/../../../../../../avr/lib/avr25/crtattiny85.o
__vector_10                                       main.o
                                                  /usr/local/Cellar/avr-gcc/8.2.0/lib/avr-gcc/8/gcc/avr/8.2.0/../../../../../../avr/lib/avr25/crtattiny85.o
__vector_11                                       /usr/local/Cellar/avr-gcc/8.2.0/lib/avr-gcc/8/gcc/avr/8.2.0/../../../../../../avr/lib/avr25/crtattiny85.o
__vector_12                                       /usr/local/Cellar/avr-gcc/8.2.0/lib/avr-gcc/8/gcc/avr/8.2.0/../../../../../../avr/lib/avr25/crtattiny85.o
__vector_13                                       /usr/local/Cellar/avr-gcc/8.2.0/lib/avr-gcc/8/gcc/avr/8.2.0/../../../../../../avr/lib/avr25/crtattiny85.o
__vector_14                                       /usr/local/Cellar/avr-gcc/8.2.0/lib/avr-gcc/8/gcc/avr/8.2.0/../../../../../../avr/lib/avr25/crtattiny85.o
__vector_2                                        /usr/local/Cellar/avr-gcc/8.2.0/lib/avr-gcc/8/gcc/avr/8.2.0/../../../../../../avr/lib/avr25/crtattiny85.o
__vector_3                                        /usr/local/Cellar/avr-gcc/8.2.0/lib/avr-gcc/8/gcc/avr/8.2.0/../../../../../../avr/lib/avr25/crtattiny85.o
__vector_4                                        /usr/local/Cellar/avr-gcc/8.2.0/lib/avr-gcc/8/gcc/avr/8.2.0/../../../../../../avr/lib/avr25/crtattiny85.o
__vector_5                                        /usr/local/Cellar/avr-gcc/8.2.0/lib/avr-gcc/8/gcc/avr/8.2.0/../../../../../../avr/lib/avr25/crtattiny85.o
__vector_6                                        /usr/local/Cellar/avr-gcc/8.2.0/lib/avr-gcc/8/gcc/avr/8.2.0/../../../../../../avr/lib/avr25/crtattiny85.o
__vector_7                                        /usr/local/Cellar/avr-gcc/8.2.0/lib/avr-gcc/8/gcc/avr/8.2.0/../../../../../../avr/lib/avr25/crtattiny85.o
__vector_8                                        /usr/local/Cellar/avr-gcc/8.2.0/lib/avr-gcc/8/gcc/avr/8.2.0/../../../../../../avr/lib/avr25/crtattiny85.o
__vector_9                                        /usr/local/Cellar/avr-gcc/8.2.0/lib/avr-gcc/8/gcc/avr/8.2.0/../../../../../../avr/lib/avr25/crtattiny85.o
__vector_default                                  /usr/local/Cellar/avr-gcc/8.2.0/lib/avr-gcc/8/gcc/avr/8.2.0/../../../../../../avr/lib/avr25/crtattiny85.o
__vectors                                         /usr/local/Cellar/avr-gcc/8.2.0/lib/avr-gcc/8/gcc/avr/8.2.0/../../../../../../avr/lib/avr25/crtattiny85.o
_div                                              /usr/local/Cellar/avr-gcc/8.2.0/lib/avr-gcc/8/gcc/avr/8.2.0/avr25/libgcc.a(_divmodhi4.o)
_exit                                             /usr/local/Cellar/avr-gcc/8.2.0/lib/avr-gcc/8/gcc/avr/8.2.0/avr25/libgcc.a(_exit.o)
doIt                                              main.o
dtoa_prf                                          /usr/local/Cellar/avr-gcc/8.2.0/lib/avr-gcc/8/gcc/avr/8.2.0/../../../../../../avr/lib/avr25/libc.a(dtoa_prf.o)
                                                  /usr/local/Cellar/avr-gcc/8.2.0/lib/avr-gcc/8/gcc/avr/8.2.0/../../../../../../avr/lib/avr25/libc.a(dtostrf.o)
dtostrf                                           /usr/local/Cellar/avr-gcc/8.2.0/lib/avr-gcc/8/gcc/avr/8.2.0/../../../../../../avr/lib/avr25/libc.a(dtostrf.o)
                                                  main.o
exit                                              /usr/local/Cellar/avr-gcc/8.2.0/lib/avr-gcc/8/gcc/avr/8.2.0/avr25/libgcc.a(_exit.o)
                                                  /usr/local/Cellar/avr-gcc/8.2.0/lib/avr-gcc/8/gcc/avr/8.2.0/../../../../../../avr/lib/avr25/crtattiny85.o
hardware_init                                     main.o
i                                                 main.o
i2csw_byte                                        ssd1306xled.o
i2csw_start                                       ssd1306xled.o
i2csw_stop                                        ssd1306xled.o
itoa                                              /usr/local/Cellar/avr-gcc/8.2.0/lib/avr-gcc/8/gcc/avr/8.2.0/../../../../../../avr/lib/avr25/libc.a(itoa.o)
                                                  main.o
main                                              main.o
                                                  /usr/local/Cellar/avr-gcc/8.2.0/lib/avr-gcc/8/gcc/avr/8.2.0/../../../../../../avr/lib/avr25/crtattiny85.o
read_ADC                                          main.o
read_VCC                                          main.o
ssd1306_data_byte                                 ssd1306xled.o
                                                  ssd1306xledtx.o
ssd1306_fill4                                     ssd1306xled.o
                                                  main.o
ssd1306_init                                      ssd1306xled.o
                                                  main.o
ssd1306_init_sequence                             ssd1306xled.o
ssd1306_numdec_buffer                             ssd1306xledtx.o
ssd1306_setpos                                    ssd1306xled.o
                                                  ssd1306xledtx.o
ssd1306_start_command                             ssd1306xled.o
ssd1306_start_data                                ssd1306xled.o
                                                  ssd1306xledtx.o
ssd1306_stop                                      ssd1306xled.o
                                                  ssd1306xledtx.o
ssd1306tx_char                                    ssd1306xledtx.o
ssd1306tx_font_char_base                          ssd1306xledtx.o
ssd1306tx_font_src                                ssd1306xledtx.o
ssd1306tx_init                                    ssd1306xledtx.o
                                                  main.o
ssd1306tx_numdec                                  ssd1306xledtx.o
ssd1306tx_numdecp                                 ssd1306xledtx.o
ssd1306tx_string                                  ssd1306xledtx.o
ssd1306tx_stringxy                                ssd1306xledtx.o
                                                  main.o
ssd1306xled_font6x8data                           main.o
ssd1306xled_font8x16data                          main.o
strrev                                            /usr/local/Cellar/avr-gcc/8.2.0/lib/avr-gcc/8/gcc/avr/8.2.0/../../../../../../avr/lib/avr25/libc.a(strrev.o)
                                                  /usr/local/Cellar/avr-gcc/8.2.0/lib/avr-gcc/8/gcc/avr/8.2.0/../../../../../../avr/lib/avr25/libc.a(utoa_ncheck.o)
timer1_init                                       main.o
usint2binascii                                    num2str.o
usint2decascii                                    num2str.o
                                                  ssd1306xledtx.o
usint2hexascii                                    num2str.o
